[ 4155.573585] usb 1-1.4: New USB device found, idVendor=0cf3, idProduct=9271, bcdDevice= 1.08
[ 4155.573598] usb 1-1.4: New USB device strings: Mfr=16, Product=32, SerialNumber=48
[ 4155.573603] usb 1-1.4: Product: UB91
[ 4155.573607] usb 1-1.4: Manufacturer: ATHEROS
[ 4155.573611] usb 1-1.4: SerialNumber: 12345
[ 4155.577352] usb 1-1.4: Direct firmware load for ath9k_htc/htc_9271-1.4.0.fw failed with error -2
[ 4155.857281] usb 1-1.4: ath9k_htc: Transferred FW: htc_9271.fw, size: 50980
[ 4156.106709] ath9k_htc 1-1.4:1.0: ath9k_htc: HTC initialized with 33 credits
[ 4157.483774] ath9k_htc 1-1.4:1.0: ath9k_htc: FW Version: 1.3
[ 4157.483789] ath9k_htc 1-1.4:1.0: FW RMW support: Off
[ 4157.483793] ath: EEPROM regdomain: 0x0
[ 4157.483797] ath: EEPROM indicates default country code should be used
[ 4157.483800] ath: doing EEPROM country->regdmn map search
[ 4157.483805] ath: country maps to regdmn code: 0x3a
[ 4157.483808] ath: Country alpha2 being used: US
[ 4157.483811] ath: Regpair used: 0x3a
[ 4157.497472] ieee80211 phy134: Atheros AR9271 Rev:1
[ 4165.777885] ath: phy134: Short RX data len, dropping (dlen: 9)
[ 4166.530149] Unable to handle kernel NULL pointer dereference at virtual address 0000000000000010
[ 4166.538586] Mem abort info:
[ 4166.541384]   ESR = 0x0000000096000005
[ 4166.545183]   EC = 0x25: DABT (current EL), IL = 32 bits
[ 4166.550575]   SET = 0, FnV = 0
[ 4166.553656]   EA = 0, S1PTW = 0
[ 4166.556747]   FSC = 0x05: level 1 translation fault
[ 4166.561748] Data abort info:
[ 4166.564591]   ISV = 0, ISS = 0x00000005, ISS2 = 0x00000000
[ 4166.570211]   CM = 0, WnR = 0, TnD = 0, TagAccess = 0
[ 4166.575305]   GCS = 0, Overlay = 0, DirtyBit = 0, Xs = 0
[ 4166.580689] user pgtable: 4k pages, 39-bit VAs, pgdp=0000000107771000
[ 4166.587200] [0000000000000010] pgd=0000000000000000, p4d=0000000000000000, pud=0000000000000000
[ 4166.596037] Internal error: Oops: 0000000096000005 [#1]  SMP
[ 4166.601698] Modules linked in: ath9k_htc ath9k_common mt76x2u mt76x2_common mt76x02_usb ctr ccm xt_conntrack nft_chain_nat xt_MASQUERADE nf_nat nf_conntrack nf_defrag_ipv6 nf_defrag_ipv4 nft_compat x_tables nf_tables mt76_usb mt76x02_lib mt76 rfcomm cmac algif_hash aes_arm64 algif_skcipher af_alg bnep binfmt_misc ath9k_hw brcmfmac_cyw ath sr_mod cdrom sg mac80211 hci_uart btbcm bluetooth libarc4 brcmfmac ecdh_generic brcmutil cfg80211 ecc rfkill i2c_brcmstb raspberrypi_hwmon raspberrypi_gpiomem nvmem_rmem sch_fq_codel zram lz4_compress fuse drm_panel_orientation_quirks backlight nfnetlink ipv6 libsha1 [last unloaded: mt76x2_common]
[ 4166.658439] CPU: 2 UID: 0 PID: 2245 Comm: kworker/u16:3 Tainted: G        W           6.18.44-v8+ #2 PREEMPT
[ 4166.668480] Tainted: [W]=WARN
[ 4166.671475] Hardware name: Raspberry Pi 4 Model B Rev 1.4 (DT)
[ 4166.677384] Workqueue: phy132 ath9k_htc_ani_work [ath9k_htc]
[ 4166.683108] pstate: 60000005 (nZCv daif -PAN -UAO -TCO -DIT -SSBS BTYPE=--)
[ 4166.690158] pc : ar9002_hw_calibrate+0x3b0/0x618 [ath9k_hw]
[ 4166.695798] lr : ar9002_hw_calibrate+0x3a0/0x618 [ath9k_hw]
[ 4166.701439] sp : ffffffc08382bce0
[ 4166.704789] x29: ffffffc08382bce0 x28: 0000000000000000 x27: 0000000000000000
[ 4166.712015] x26: ffffff8100008c28 x25: 0000000000000000 x24: 0000000000000000
[ 4166.719249] x23: 0000000000000001 x22: ffffff804791c478 x21: ffffff804791d700
[ 4166.726472] x20: 0000000000000000 x19: ffffff804791c000 x18: 0000000000000000
[ 4166.733699] x17: 0000000000000000 x16: 0000000000000000 x15: 0000000000000000
[ 4166.740922] x14: ffffff8105ea4390 x13: 0000000000000001 x12: 0000000000000000
[ 4166.748147] x11: 00000000000000c0 x10: 0000000000001ac0 x9 : ffffffe1e0949190
[ 4166.755374] x8 : ffffff8105ea5e20 x7 : 0000000000000001 x6 : ffffff8103fca2a0
[ 4166.762601] x5 : ffffff8103fbcd28 x4 : 0000000000000000 x3 : 0000000000000000
[ 4166.769826] x2 : 0000000000000000 x1 : 0000000000000004 x0 : 0000000000000000
[ 4166.777056] Call trace:
[ 4166.779523]  ar9002_hw_calibrate+0x3b0/0x618 [ath9k_hw] (P)
[ 4166.785162]  ath9k_htc_ani_work+0x1a4/0x260 [ath9k_htc]
[ 4166.790451]  process_one_work+0x15c/0x3b0
[ 4166.794503]  worker_thread+0x18c/0x320
[ 4166.798290]  kthread+0x148/0x208
[ 4166.801554]  ret_from_fork+0x10/0x20
[ 4166.805173] Code: b94047e4 f94002a1 f94027e2 b9400021 (b9401040)
[ 4166.811343] ---[ end trace 0000000000000000 ]---
[ 4167.613353] ath9k_htc 1-1.4:1.0 wlan4: entered promiscuous mode
[ 4170.091233] ath: phy134: Short RX data len, dropping (dlen: 3)
[ 4171.186261] ath: phy134: Short RX data len, dropping (dlen: 6)
[ 4175.275994] ath: phy134: Short RX data len, dropping (dlen: 6)
[ 4177.428418] wlan1: authenticate with 90:de:80:6c:90:92 (local address=90:de:80:de:fd:b2)
[ 4177.436143] wlan1: send auth to 90:de:80:6c:90:92 (try 1/3)
[ 4177.467869] wlan1: authenticate with 90:de:80:6c:90:92 (local address=90:de:80:de:fd:b2)
[ 4177.475586] wlan1: send auth to 90:de:80:6c:90:92 (try 1/3)
[ 4177.484334] wlan1: authenticated
[ 4177.489051] wlan1: associate with 90:de:80:6c:90:92 (try 1/3)
[ 4177.499205] wlan1: RX AssocResp from 90:de:80:6c:90:92 (capab=0x411 status=0 aid=1)
[ 4177.511244] wlan1: associated
[ 4179.879737] netlink: 'hostapd-mana_49': attribute type 213 has an invalid length.
[ 4181.565455] ath: phy134: Short RX data len, dropping (dlen: 4)
[ 4183.023179] ath: phy134: Short RX data len, dropping (dlen: 6)
[ 4187.971646] ath: phy134: Short RX data len, dropping (dlen: 4)
[ 4190.759384] ath: phy134: Short RX data len, dropping (dlen: 2)
[ 4207.062465] ath: phy134: Short RX data len, dropping (dlen: 7)
[ 4236.021142] ath: phy134: Short RX data len, dropping (dlen: 4)
[ 4237.813740] ath: phy134: Short RX data len, dropping (dlen: 5)
[ 4266.259737] ath: phy134: Short RX data len, dropping (dlen: 5)
[ 4271.788441] ath: phy134: Short RX data len, dropping (dlen: 8)
[ 4307.685007] ath: phy134: Short RX data len, dropping (dlen: 2)
[ 4347.435126] ath: phy134: Short RX data len, dropping (dlen: 2)
[ 4367.926412] ath: phy134: Short RX data len, dropping (dlen: 1)
[ 4369.571320] ath: phy134: Short RX data len, dropping (dlen: 5)
[ 4382.304409] ath: phy134: Short RX data len, dropping (dlen: 2)
[ 4384.895745] ath: phy134: Short RX data len, dropping (dlen: 2)
[ 4396.693661] ath: phy134: Short RX data len, dropping (dlen: 8)
[ 4400.461678] ath: phy134: Short RX data len, dropping (dlen: 8)
[ 4400.656597] ath: phy134: Short RX data len, dropping (dlen: 3)
[ 4402.474690] ath: phy134: Short RX data len, dropping (dlen: 2)
[ 4402.989782] ath: phy134: Short RX data len, dropping (dlen: 6)
[ 4405.752086] ath: phy134: Short RX data len, dropping (dlen: 3)
[ 4406.821713] ath: phy134: Short RX data len, dropping (dlen: 8)
[ 4421.997290] ath: phy134: Short RX data len, dropping (dlen: 3)
[ 4426.325960] ath: phy134: Short RX data len, dropping (dlen: 9)
[ 4427.743843] ath: phy134: Short RX data len, dropping (dlen: 6)
[ 4436.026408] ath: phy134: Short RX data len, dropping (dlen: 3)
[ 4445.441123] ath: phy134: Short RX data len, dropping (dlen: 7)
[ 4445.845699] ath: phy134: Short RX data len, dropping (dlen: 2)
[ 4448.795325] ath: phy134: Short RX data len, dropping (dlen: 7)
[ 4452.292916] ath: phy134: Short RX data len, dropping (dlen: 7)
[ 4456.468441] ath: phy134: Short RX data len, dropping (dlen: 4)
[ 4459.934488] ath: phy134: Short RX data len, dropping (dlen: 6)
[ 4468.646560] ath: phy134: Short RX data len, dropping (dlen: 3)
[ 4477.387747] ath: phy134: Short RX data len, dropping (dlen: 9)
[ 4478.726159] ath: phy134: Short RX data len, dropping (dlen: 4)
[ 4479.314137] ath: phy134: Short RX data len, dropping (dlen: 8)
[ 4487.238143] ath: phy134: Short RX data len, dropping (dlen: 5)
[ 4490.019131] ath: phy134: Short RX data len, dropping (dlen: 2)
[ 4506.030323] ath: phy134: Short RX data len, dropping (dlen: 7)
[ 4506.455297] ath: phy134: Short RX data len, dropping (dlen: 9)
[ 4507.474794] ath: phy134: Short RX data len, dropping (dlen: 5)
[ 4512.829852] ath: phy134: Short RX data len, dropping (dlen: 3)
[ 4515.113545] ath: phy134: Short RX data len, dropping (dlen: 2)
[ 4518.529541] ath: phy134: Short RX data len, dropping (dlen: 5)
[ 4536.987927] ath: phy134: Short RX data len, dropping (dlen: 8)
[ 4543.378236] ath: phy134: Short RX data len, dropping (dlen: 3)
[ 4548.125419] ath: phy134: Short RX data len, dropping (dlen: 9)
[ 4574.826550] ath: phy134: Short RX data len, dropping (dlen: 6)
[ 4578.253259] ath: phy134: Short RX data len, dropping (dlen: 5)
[ 4582.739241] ath: phy134: Short RX data len, dropping (dlen: 8)
[ 4595.714414] ath: phy134: Short RX data len, dropping (dlen: 3)
[ 4602.260858] ath: phy134: Short RX data len, dropping (dlen: 2)
[ 4613.258598] ath: phy134: Short RX data len, dropping (dlen: 7)
[ 4617.015093] ath: phy134: Short RX data len, dropping (dlen: 4)
[ 4617.510138] ath: phy134: Short RX data len, dropping (dlen: 9)
[ 4623.929660] ath: phy134: Short RX data len, dropping (dlen: 8)
[ 4634.605435] ath: phy134: Short RX data len, dropping (dlen: 6)
[ 4642.823124] ath: phy134: Short RX data len, dropping (dlen: 2)
[ 4655.650887] ath: phy134: Short RX data len, dropping (dlen: 5)
[ 4675.376203] ath: phy134: Short RX data len, dropping (dlen: 6)
[ 4685.750160] ath: phy134: Short RX data len, dropping (dlen: 9)
[ 4686.491506] ath: phy134: Short RX data len, dropping (dlen: 7)
[ 4691.364493] ath: phy134: Short RX data len, dropping (dlen: 7)
[ 4693.828584] ath: phy134: Short RX data len, dropping (dlen: 8)
[ 4694.771318] ath: phy134: Short RX data len, dropping (dlen: 1)
[ 4705.657657] ath: phy134: Short RX data len, dropping (dlen: 4)
[ 4712.691813] ath: phy134: Short RX data len, dropping (dlen: 3)
[ 4713.931863] ath: phy134: Short RX data len, dropping (dlen: 6)
[ 4719.921458] ath: phy134: Short RX data len, dropping (dlen: 2)
[ 4721.357650] ath: phy134: Short RX data len, dropping (dlen: 1)
[ 4727.447178] ath: phy134: Short RX data len, dropping (dlen: 9)
[ 4734.082459] ath: phy134: Short RX data len, dropping (dlen: 8)
[ 4739.673015] ath: phy134: Short RX data len, dropping (dlen: 4)
[ 4745.789200] ath: phy134: Short RX data len, dropping (dlen: 7)
[ 4748.494905] ath: phy134: Short RX data len, dropping (dlen: 5)
[ 4762.382518] ath: phy134: Short RX data len, dropping (dlen: 4)
[ 4767.119722] ath: phy134: Short RX data len, dropping (dlen: 8)
[ 4772.075277] ath: phy134: Short RX data len, dropping (dlen: 2)
[ 4779.585273] ath: phy134: Short RX data len, dropping (dlen: 3)
[ 4781.385655] ath: phy134: Short RX data len, dropping (dlen: 6)
[ 4791.311356] ath: phy134: Short RX data len, dropping (dlen: 9)
[ 4804.412374] ath: phy134: Short RX data len, dropping (dlen: 7)
[ 4808.374688] ath: phy134: Short RX data len, dropping (dlen: 6)
[ 4808.397319] ath: phy134: Short RX data len, dropping (dlen: 2)
[ 4808.581917] ath: phy134: Short RX data len, dropping (dlen: 3)
[ 4815.649417] ath: phy134: Short RX data len, dropping (dlen: 8)
[ 4816.410885] ath: phy134: Short RX data len, dropping (dlen: 4)
[ 4822.235023] ath: phy134: Short RX data len, dropping (dlen: 8)
[ 4827.550605] ath: phy134: Short RX data len, dropping (dlen: 2)
[ 4828.281846] ath: phy134: Short RX data len, dropping (dlen: 7)
[ 4834.190368] ath: phy134: Short RX data len, dropping (dlen: 5)
[ 4836.187866] ath: phy134: Short RX data len, dropping (dlen: 2)
[ 4837.504748] ath: phy134: Short RX data len, dropping (dlen: 7)
[ 4839.175421] ath: phy134: Short RX data len, dropping (dlen: 8)
[ 4839.368417] ath: phy134: Short RX data len, dropping (dlen: 2)
[ 4846.415673] ath: phy134: Short RX data len, dropping (dlen: 6)
[ 4849.174059] ath: phy134: Short RX data len, dropping (dlen: 5)
[ 4858.298093] ath: phy134: Short RX data len, dropping (dlen: 7)
[ 4862.351019] ath: phy134: Short RX data len, dropping (dlen: 3)
[ 4868.586119] ath: phy134: Short RX data len, dropping (dlen: 3)
[ 4873.535765] ath: phy134: Short RX data len, dropping (dlen: 7)
[ 4874.646367] ath: phy134: Short RX data len, dropping (dlen: 7)
[ 4885.383612] ath: phy134: Short RX data len, dropping (dlen: 3)
[ 4897.288942] ath: phy134: Short RX data len, dropping (dlen: 1)
[ 4899.405747] ath: phy134: Short RX data len, dropping (dlen: 3)
[ 4908.037254] ath: phy134: Short RX data len, dropping (dlen: 9)
[ 4916.835062] ath: phy134: Short RX data len, dropping (dlen: 1)
[ 4918.524133] ath: phy134: Short RX data len, dropping (dlen: 1)
[ 4919.130058] ath: phy134: Short RX data len, dropping (dlen: 6)
[ 4922.504332] ath: phy134: Short RX data len, dropping (dlen: 4)
[ 4926.870311] ath: phy134: Short RX data len, dropping (dlen: 1)
[ 4926.989651] ath: phy134: Short RX data len, dropping (dlen: 5)
[ 4928.581453] ath: phy134: Short RX data len, dropping (dlen: 8)
[ 4929.716327] ath: phy134: Short RX data len, dropping (dlen: 4)
[ 4930.972822] ath: phy134: Short RX data len, dropping (dlen: 9)
[ 4939.033551] ath: phy134: Short RX data len, dropping (dlen: 8)
[ 4940.317560] ath: phy134: Short RX data len, dropping (dlen: 2)
[ 4940.452917] ath: phy134: Short RX data len, dropping (dlen: 2)
[ 4942.756245] ath: phy134: Short RX data len, dropping (dlen: 4)
[ 4943.937870] ath: phy134: Short RX data len, dropping (dlen: 8)
[ 4945.898093] ath: phy134: Short RX data len, dropping (dlen: 1)
[ 4945.979738] ath: phy134: Short RX data len, dropping (dlen: 8)
[ 4958.435909] ath: phy134: Short RX data len, dropping (dlen: 3)
[ 4975.516789] ath: phy134: Short RX data len, dropping (dlen: 1)
[ 4984.696529] ath: phy134: Short RX data len, dropping (dlen: 5)
[ 4988.174329] ath: phy134: Short RX data len, dropping (dlen: 2)
[ 4990.457910] ath: phy134: Short RX data len, dropping (dlen: 6)
[ 4991.799284] ath: phy134: Short RX data len, dropping (dlen: 9)
[ 4992.792150] ath: phy134: Short RX data len, dropping (dlen: 6)
[ 5009.062775] ath: phy134: Short RX data len, dropping (dlen: 7)
[ 5012.244789] ath: phy134: Short RX data len, dropping (dlen: 7)
[ 5013.084884] ath: phy134: Short RX data len, dropping (dlen: 5)
[ 5022.727868] ath: phy134: Short RX data len, dropping (dlen: 9)
[ 5023.594595] ath: phy134: Short RX data len, dropping (dlen: 7)
[ 5024.930721] ath: phy134: Short RX data len, dropping (dlen: 7)
[ 5029.138317] ath: phy134: Short RX data len, dropping (dlen: 6)
[ 5029.763766] ath: phy134: Short RX data len, dropping (dlen: 4)
[ 5030.214250] ath: phy134: Short RX data len, dropping (dlen: 8)
[ 5031.027984] ath: phy134: Short RX data len, dropping (dlen: 7)
[ 5032.492373] ath: phy134: Short RX data len, dropping (dlen: 3)
[ 5044.471461] ath: phy134: Short RX data len, dropping (dlen: 9)
[ 5045.623939] ath: phy134: Short RX data len, dropping (dlen: 8)
[ 5046.474028] ath: phy134: Short RX data len, dropping (dlen: 7)
[ 5047.131602] ath: phy134: Short RX data len, dropping (dlen: 8)
[ 5048.577517] ath: phy134: Short RX data len, dropping (dlen: 3)
[ 5048.882554] ath: phy134: Short RX data len, dropping (dlen: 9)
[ 5051.666779] ath: phy134: Short RX data len, dropping (dlen: 7)
[ 5057.316048] ath: phy134: Short RX data len, dropping (dlen: 5)
[ 5059.465900] ath: phy134: Short RX data len, dropping (dlen: 4)
[ 5068.300454] ath: phy134: Short RX data len, dropping (dlen: 5)
[ 5068.649066] ath: phy134: Short RX data len, dropping (dlen: 5)
[ 5071.256141] ath: phy134: Short RX data len, dropping (dlen: 6)
[ 5073.715748] ath: phy134: Short RX data len, dropping (dlen: 5)
[ 5077.307665] ath: phy134: Short RX data len, dropping (dlen: 1)
[ 5083.543371] ath: phy134: Short RX data len, dropping (dlen: 9)
[ 5094.842224] ath: phy134: Short RX data len, dropping (dlen: 2)
[ 5096.194377] ath: phy134: Short RX data len, dropping (dlen: 2)
[ 5107.754819] ath: phy134: Short RX data len, dropping (dlen: 7)
[ 5120.728286] ath: phy134: Short RX data len, dropping (dlen: 2)
[ 5123.997178] ath: phy134: Short RX data len, dropping (dlen: 8)
[ 5128.236293] ath: phy134: Short RX data len, dropping (dlen: 7)
[ 5128.900440] ath: phy134: Short RX data len, dropping (dlen: 5)
[ 5142.371289] ath: phy134: Short RX data len, dropping (dlen: 8)
[ 5147.613416] ath: phy134: Short RX data len, dropping (dlen: 2)
[ 5149.868518] ath: phy134: Short RX data len, dropping (dlen: 6)
[ 5154.780004] ath: phy134: Short RX data len, dropping (dlen: 2)
[ 5197.206809] ath: phy134: Short RX data len, dropping (dlen: 9)
[ 5219.332361] ath: phy134: Short RX data len, dropping (dlen: 9)
[ 5230.075871] ath: phy134: Short RX data len, dropping (dlen: 7)
[ 5237.145208] ath: phy134: Short RX data len, dropping (dlen: 4)
[ 5237.395487] ath: phy134: Short RX data len, dropping (dlen: 8)
[ 5251.452075] ath: phy134: Short RX data len, dropping (dlen: 2)
[ 5254.043573] ath: phy134: Short RX data len, dropping (dlen: 3)
[ 5254.762670] ath: phy134: Short RX data len, dropping (dlen: 4)
[ 5258.569473] ath: phy134: Short RX data len, dropping (dlen: 2)
[ 5262.400598] ath: phy134: Short RX data len, dropping (dlen: 1)
[ 5263.763509] ath: phy134: Short RX data len, dropping (dlen: 1)
[ 5264.560559] ath: phy134: Short RX data len, dropping (dlen: 5)
[ 5269.927686] ath: phy134: Short RX data len, dropping (dlen: 8)
[ 5276.978764] ath: phy134: Short RX data len, dropping (dlen: 7)
[ 5278.816312] ath: phy134: Short RX data len, dropping (dlen: 3)
[ 5286.381925] ath: phy134: Short RX data len, dropping (dlen: 5)
[ 5286.898628] ath: phy134: Short RX data len, dropping (dlen: 3)
[ 5287.473043] ath: phy134: Short RX data len, dropping (dlen: 7)
[ 5288.345090] ath: phy134: Short RX data len, dropping (dlen: 5)
[ 5290.273501] ath: phy134: Short RX data len, dropping (dlen: 5)
[ 5290.841120] ath: phy134: Short RX data len, dropping (dlen: 5)
[ 5292.752949] ath: phy134: Short RX data len, dropping (dlen: 8)
[ 5293.111188] ath: phy134: Short RX data len, dropping (dlen: 6)
[ 5298.150866] ath: phy134: Short RX data len, dropping (dlen: 8)
[ 5301.464378] ath: phy134: Short RX data len, dropping (dlen: 7)
[ 5303.218194] ath: phy134: Short RX data len, dropping (dlen: 1)
[ 5303.826465] ath: phy134: Short RX data len, dropping (dlen: 2)
[ 5305.530488] ath: phy134: Short RX data len, dropping (dlen: 9)
[ 5313.383913] ath: phy134: Short RX data len, dropping (dlen: 1)
[ 5317.358976] ath: phy134: Short RX data len, dropping (dlen: 6)
[ 5320.951865] ath: phy134: Short RX data len, dropping (dlen: 9)
[ 5324.304868] ath: phy134: Short RX data len, dropping (dlen: 5)
[ 5333.319616] ath: phy134: Short RX data len, dropping (dlen: 8)
[ 5340.520451] ath: phy134: Short RX data len, dropping (dlen: 7)
[ 5342.639393] ath: phy134: Short RX data len, dropping (dlen: 2)
[ 5358.496310] ath: phy134: Short RX data len, dropping (dlen: 8)
[ 5359.090880] ath: phy134: Short RX data len, dropping (dlen: 9)
[ 5362.121952] ath: phy134: Short RX data len, dropping (dlen: 8)
[ 5363.042262] ath: phy134: Short RX data len, dropping (dlen: 6)
[ 5373.964024] ath: phy134: Short RX data len, dropping (dlen: 7)
[ 5380.562346] ath: phy134: Short RX data len, dropping (dlen: 2)
[ 5383.375636] ath: phy134: Short RX data len, dropping (dlen: 8)
[ 5394.268260] ath: phy134: Short RX data len, dropping (dlen: 5)
[ 5411.021349] ath: phy134: Short RX data len, dropping (dlen: 9)
[ 5418.858542] ath: phy134: Short RX data len, dropping (dlen: 6)
[ 5422.721691] ath: phy134: Short RX data len, dropping (dlen: 8)
[ 5432.628649] ath: phy134: Short RX data len, dropping (dlen: 7)
[ 5434.108217] ath: phy134: Short RX data len, dropping (dlen: 6)
[ 5441.134758] ath: phy134: Short RX data len, dropping (dlen: 7)
[ 5443.038448] ath: phy134: Short RX data len, dropping (dlen: 9)
[ 5444.539757] ath: phy134: Short RX data len, dropping (dlen: 1)
[ 5446.299159] ath: phy134: Short RX data len, dropping (dlen: 9)
[ 5458.385151] ath: phy134: Short RX data len, dropping (dlen: 6)
[ 5473.054589] ath: phy134: Short RX data len, dropping (dlen: 4)
[ 5487.470947] ath: phy134: Short RX data len, dropping (dlen: 3)
[ 5502.809166] ath: phy134: Short RX data len, dropping (dlen: 9)
[ 5511.686123] ath: phy134: Short RX data len, dropping (dlen: 4)
[ 5516.766607] ath: phy134: Short RX data len, dropping (dlen: 9)
[ 5517.389094] ath: phy134: Short RX data len, dropping (dlen: 7)
[ 5518.371653] ath: phy134: Short RX data len, dropping (dlen: 7)
[ 5519.995312] ath: phy134: Short RX data len, dropping (dlen: 9)
[ 5534.811866] ath: phy134: Short RX data len, dropping (dlen: 2)
[ 5535.820260] ath: phy134: Short RX data len, dropping (dlen: 6)
[ 5538.262817] ath: phy134: Short RX data len, dropping (dlen: 3)
[ 5544.719788] ath: phy134: Short RX data len, dropping (dlen: 2)
[ 5554.916010] ath: phy134: Short RX data len, dropping (dlen: 7)
[ 5560.612502] ath: phy134: Short RX data len, dropping (dlen: 6)
[ 5566.815260] ath: phy134: Short RX data len, dropping (dlen: 8)
[ 5587.973859] ath: phy134: Short RX data len, dropping (dlen: 9)
[ 5593.095847] ath: phy134: Short RX data len, dropping (dlen: 9)
[ 5595.001762] ath: phy134: Short RX data len, dropping (dlen: 2)
[ 5595.577186] ath: phy134: Short RX data len, dropping (dlen: 8)
[ 5597.132303] ath: phy134: Short RX data len, dropping (dlen: 1)
[ 5603.674143] ath: phy134: Short RX data len, dropping (dlen: 4)
[ 5608.693398] ath: phy134: Short RX data len, dropping (dlen: 1)
[ 5618.818652] ath: phy134: Short RX data len, dropping (dlen: 1)